ΓÜá Warning: Next.js inferred your workspace root, but it may not be correct.
 We detected multiple lockfiles and selected the directory of C:\Users\Faizan\package-lock.json as the root directory.
 To silence this warning, set `turbopack.root` in your Next.js config, or consider removing one of the lockfiles if it's not needed.
   See https://nextjs.org/docs/app/api-reference/config/next-config-js/turbopack#root-directory for more information.
 Detected additional lockfiles: 
   * C:\Users\Faizan\Desktop\roulette_demo\package-lock.json

Γû▓ Next.js 16.2.1 (Turbopack)
- Environments: .env.local

  Creating an optimized production build ...
Γ£ô Compiled successfully in 5.5s
  Running TypeScript ...
  Finished TypeScript in 4.2s ...
  Collecting page data using 11 workers ...
Error: querySrv ECONNREFUSED _mongodb._tcp.cluster.mongodb.net
    at ignore-listed frames {
  errno: undefined,
  code: 'ECONNREFUSED',
  syscall: 'querySrv',
  hostname: '_mongodb._tcp.cluster.mongodb.net'
}
Error: querySrv ECONNREFUSED _mongodb._tcp.cluster.mongodb.net
    at ignore-listed frames {
  errno: undefined,
  code: 'ECONNREFUSED',
  syscall: 'querySrv',
  hostname: '_mongodb._tcp.cluster.mongodb.net'
}
Error: querySrv ECONNREFUSED _mongodb._tcp.cluster.mongodb.net
    at ignore-listed frames {
  errno: undefined,
  code: 'ECONNREFUSED',
  syscall: 'querySrv',
  hostname: '_mongodb._tcp.cluster.mongodb.net'
}
  Generating static pages using 11 workers (0/10) ...
  Generating static pages using 11 workers (2/10) 
  Generating static pages using 11 workers (4/10) 
Error: querySrv ECONNREFUSED _mongodb._tcp.cluster.mongodb.net
    at ignore-listed frames {
  errno: undefined,
  code: 'ECONNREFUSED',
  syscall: 'querySrv',
  hostname: '_mongodb._tcp.cluster.mongodb.net'
}
  Generating static pages using 11 workers (7/10) 
Γ£ô Generating static pages using 11 workers (10/10) in 1948ms
  Finalizing page optimization ...

Route (app)
Γöî Γùï /
Γö£ Γùï /_not-found
Γö£ ╞Æ /api/auth/callback
Γö£ ╞Æ /api/db/setup
Γö£ ╞Æ /api/user/balance
Γö£ ╞Æ /api/user/profile
Γö£ Γùï /game
Γöö Γùï /login


╞Æ Proxy (Middleware)

Γùï  (Static)   prerendered as static content
╞Æ  (Dynamic)  server-rendered on demand

