src/app/game/page.tsx(180,11): error TS2322: Type 'RefObject<HTMLDivElement | null>' is not assignable to type 'RefObject<HTMLDivElement>'.
  Type 'HTMLDivElement | null' is not assignable to type 'HTMLDivElement'.
    Type 'null' is not assignable to type 'HTMLDivElement'.
src/hooks/useGameCycle.ts(10,32): error TS2306: File 'C:/Users/Faizan/Desktop/junko-bodie-roulette/src/lib/gamePhases.ts' is not a module.
